=== research search v6 — 4H multi-seed sweep ===
PASS criterion: held-out PnL > 10.0% AND Sharpe > 0.0
Max sweeps: 5 × 1000 trials = 5000 total budget
Train: 5818 / Held-out: 1455


========== SWEEP #1 (seed=43) ==========

  · donchian_raw: sign-flip (+11.81→-3.10) (train=+11.81 held_pnl=-11.2%)
  · rsi_mean_reversion: sign-flip (+16.61→-4.17) (train=+16.61 held_pnl=-22.3%)
  · bollinger_breakout: sign-flip (+12.77→-1.62) (train=+12.77 held_pnl=-8.5%)
  · bollinger_mr: sign-flip (+10.32→-1.13) (train=+10.32 held_pnl=-4.3%)
  · macd_momentum: train_fail s=-999.00 (train=+nan held_pnl=+0.0%)
  · atr_squeeze_breakout: sign-flip (+29.31→-7.18) (train=+29.31 held_pnl=-9.5%)
  · momentum_n_consec: sign-flip (+10.99→-4.50) (train=+10.99 held_pnl=-22.6%)
  · volume_breakout: sign-flip (+10.43→-3.82) (train=+10.43 held_pnl=-18.7%)
  · ema_crossover: sign-flip (+7.89→-4.28) (train=+7.89 held_pnl=-20.6%)
  · price_channel_with_atr: sign-flip (+9.99→-4.35) (train=+9.99 held_pnl=-18.1%)

  Sweep #1 PASS candidates: 0


========== SWEEP #2 (seed=44) ==========

  · donchian_raw: sign-flip (+11.84→-1.90) (train=+11.84 held_pnl=-6.9%)
  · rsi_mean_reversion: PnL fail (+4.8% < 10.0%) (train=+15.16 held_pnl=+4.8%)
  · bollinger_breakout: sign-flip (+15.29→-2.39) (train=+15.29 held_pnl=-12.4%)
  · bollinger_mr: sign-flip (+10.66→-6.38) (train=+10.66 held_pnl=-21.2%)
  · macd_momentum: train_fail s=-999.00 (train=+nan held_pnl=+0.0%)
  · atr_squeeze_breakout: sign-flip (+34.48→-6.93) (train=+34.48 held_pnl=-29.4%)
  · momentum_n_consec: sign-flip (+10.34→-5.60) (train=+10.34 held_pnl=-29.3%)
  · volume_breakout: sign-flip (+7.95→-2.98) (train=+7.95 held_pnl=-13.6%)
  · ema_crossover: sign-flip (+9.02→-4.74) (train=+9.02 held_pnl=-21.1%)
  · price_channel_with_atr: sign-flip (+8.34→-2.77) (train=+8.34 held_pnl=-10.6%)

  Sweep #2 PASS candidates: 0


========== SWEEP #3 (seed=45) ==========

  · donchian_raw: sign-flip (+11.21→-6.83) (train=+11.21 held_pnl=-24.3%)
  · rsi_mean_reversion: sign-flip (+12.57→-5.58) (train=+12.57 held_pnl=-50.4%)
  · bollinger_breakout: sign-flip (+14.98→-5.42) (train=+14.98 held_pnl=-20.0%)
  · bollinger_mr: sign-flip (+9.02→-4.47) (train=+9.02 held_pnl=-16.0%)
  · macd_momentum: train_fail s=-999.00 (train=+nan held_pnl=+0.0%)
  · atr_squeeze_breakout: sign-flip (+31.33→-9.93) (train=+31.33 held_pnl=-41.7%)
  · momentum_n_consec: sign-flip (+7.64→-4.26) (train=+7.64 held_pnl=-27.3%)
  · volume_breakout: sign-flip (+8.97→-0.49) (train=+8.97 held_pnl=-2.4%)
  · ema_crossover: sign-flip (+7.70→-6.67) (train=+7.70 held_pnl=-34.5%)
  · price_channel_with_atr: sign-flip (+11.13→-6.15) (train=+11.13 held_pnl=-26.3%)

  Sweep #3 PASS candidates: 0


========== SWEEP #4 (seed=46) ==========

  · donchian_raw: sign-flip (+12.47→-6.83) (train=+12.47 held_pnl=-24.3%)
  · rsi_mean_reversion: sign-flip (+21.39→-15.07) (train=+21.39 held_pnl=-41.3%)
  · bollinger_breakout: sign-flip (+12.92→-2.53) (train=+12.92 held_pnl=-12.8%)
  · bollinger_mr: sign-flip (+9.83→-3.26) (train=+9.83 held_pnl=-10.1%)
  · macd_momentum: train_fail s=-999.00 (train=+nan held_pnl=+0.0%)
  · atr_squeeze_breakout: sign-flip (+34.83→-10.08) (train=+34.83 held_pnl=-28.3%)
  · momentum_n_consec: sign-flip (+13.96→-6.81) (train=+13.96 held_pnl=-30.7%)
  · volume_breakout: PnL fail (+3.5% < 10.0%) (train=+8.34 held_pnl=+3.5%)
  · ema_crossover: sign-flip (+8.63→-4.54) (train=+8.63 held_pnl=-25.4%)
  · price_channel_with_atr: sign-flip (+9.79→-4.38) (train=+9.79 held_pnl=-18.7%)

  Sweep #4 PASS candidates: 0


========== SWEEP #5 (seed=47) ==========

  · donchian_raw: sign-flip (+10.68→-2.91) (train=+10.68 held_pnl=-10.6%)
  · rsi_mean_reversion: sign-flip (+19.35→-8.99) (train=+19.35 held_pnl=-32.6%)
  · bollinger_breakout: sign-flip (+26.82→-1.51) (train=+26.82 held_pnl=-4.7%)
  · bollinger_mr: sign-flip (+7.22→-1.22) (train=+7.22 held_pnl=-4.3%)
  · macd_momentum: train_fail s=-999.00 (train=+nan held_pnl=+0.0%)
  · atr_squeeze_breakout: sign-flip (+31.75→-6.09) (train=+31.75 held_pnl=-11.3%)
  · momentum_n_consec: sign-flip (+9.69→-4.19) (train=+9.69 held_pnl=-24.4%)
  · volume_breakout: PnL fail (+0.2% < 10.0%) (train=+8.04 held_pnl=+0.2%)
  · ema_crossover: sign-flip (+8.09→-3.55) (train=+8.09 held_pnl=-15.2%)
  · price_channel_with_atr: sign-flip (+11.92→-5.72) (train=+11.92 held_pnl=-23.8%)

  Sweep #5 PASS candidates: 0


=== FINAL (19.2s, 5000 trials, 5/5 sweeps) ===
NO PASS in 5000 trials — empirical evidence universal sign-flip on 4H
=== research search v6 — 4H multi-seed sweep (6..10) ===
PASS criterion: held-out PnL > 10.0% AND Sharpe > 0.0
Sweeps: 5 × 1000 trials = 5000 budget
Train: 5818 / Held-out: 1455


========== SWEEP #6 (seed=48) ==========

  · donchian_raw: sign-flip (+10.47→-1.36) (train=+10.47 held_pnl=-4.7%)
  · rsi_mean_reversion: sign-flip (+57.22→-6.79) (train=+57.22 held_pnl=-49.4%)
  · bollinger_breakout: sign-flip (+14.38→-4.46) (train=+14.38 held_pnl=-15.8%)
  · bollinger_mr: sign-flip (+10.85→-1.93) (train=+10.85 held_pnl=-8.4%)
  · macd_momentum: train_fail s=-999.00 (train=+nan held_pnl=+0.0%)
  · atr_squeeze_breakout: sign-flip (+27.18→-10.17) (train=+27.18 held_pnl=-41.6%)
  · momentum_n_consec: sign-flip (+9.24→-4.44) (train=+9.24 held_pnl=-26.5%)
  · volume_breakout: sign-flip (+9.24→-4.76) (train=+9.24 held_pnl=-19.0%)
  · ema_crossover: sign-flip (+9.83→-7.43) (train=+9.83 held_pnl=-31.4%)
  · price_channel_with_atr: sign-flip (+10.49→-0.70) (train=+10.49 held_pnl=-2.2%)

  Sweep #6 PASS candidates: 0


========== SWEEP #7 (seed=49) ==========

  · donchian_raw: sign-flip (+10.08→-1.50) (train=+10.08 held_pnl=-5.3%)
  · rsi_mean_reversion: sign-flip (+11.08→-5.55) (train=+11.08 held_pnl=-35.4%)
  · bollinger_breakout: sign-flip (+11.14→-1.90) (train=+11.14 held_pnl=-9.4%)
  · bollinger_mr: sign-flip (+11.98→-7.32) (train=+11.98 held_pnl=-22.4%)
  · macd_momentum: train_fail s=-999.00 (train=+nan held_pnl=+0.0%)
  · atr_squeeze_breakout: sign-flip (+31.03→-9.70) (train=+31.03 held_pnl=-44.1%)
  · momentum_n_consec: sign-flip (+10.75→-5.40) (train=+10.75 held_pnl=-25.2%)
  · volume_breakout: sign-flip (+9.60→-3.76) (train=+9.60 held_pnl=-11.9%)
  · ema_crossover: sign-flip (+8.78→-3.37) (train=+8.78 held_pnl=-15.2%)
  · price_channel_with_atr: sign-flip (+10.87→-7.23) (train=+10.87 held_pnl=-30.8%)

  Sweep #7 PASS candidates: 0


========== SWEEP #8 (seed=50) ==========

  · donchian_raw: sign-flip (+10.69→-4.09) (train=+10.69 held_pnl=-16.5%)
  · rsi_mean_reversion: sign-flip (+24.47→-6.32) (train=+24.47 held_pnl=-20.5%)
  · bollinger_breakout: sign-flip (+14.26→-2.90) (train=+14.26 held_pnl=-15.6%)
  · bollinger_mr: sign-flip (+11.89→-1.03) (train=+11.89 held_pnl=-3.2%)
  · macd_momentum: train_fail s=-999.00 (train=+nan held_pnl=+0.0%)
  · atr_squeeze_breakout: sign-flip (+28.74→-6.92) (train=+28.74 held_pnl=-30.4%)
  · momentum_n_consec: sign-flip (+11.68→-6.48) (train=+11.68 held_pnl=-29.4%)
  · volume_breakout: PnL fail (+5.9% < 10.0%) (train=+9.57 held_pnl=+5.9%)
  · ema_crossover: sign-flip (+7.00→-3.32) (train=+7.00 held_pnl=-18.5%)
  · price_channel_with_atr: sign-flip (+10.15→-6.96) (train=+10.15 held_pnl=-30.6%)

  Sweep #8 PASS candidates: 0


========== SWEEP #9 (seed=51) ==========

  · donchian_raw: sign-flip (+11.40→-6.83) (train=+11.40 held_pnl=-24.3%)
  · rsi_mean_reversion: sign-flip (+49.75→-5.48) (train=+49.75 held_pnl=-47.6%)
  · bollinger_breakout: sign-flip (+14.89→-2.89) (train=+14.89 held_pnl=-15.2%)
  · bollinger_mr: PnL fail (+2.5% < 10.0%) (train=+10.80 held_pnl=+2.5%)
  · macd_momentum: train_fail s=-999.00 (train=+nan held_pnl=+0.0%)
  · atr_squeeze_breakout: sign-flip (+30.95→-11.79) (train=+30.95 held_pnl=-20.1%)
  · momentum_n_consec: sign-flip (+8.73→-5.13) (train=+8.73 held_pnl=-28.2%)
  · volume_breakout: sign-flip (+8.62→-2.86) (train=+8.62 held_pnl=-8.5%)
  · ema_crossover: sign-flip (+7.89→-4.28) (train=+7.89 held_pnl=-20.6%)
  · price_channel_with_atr: sign-flip (+8.04→-3.76) (train=+8.04 held_pnl=-19.5%)

  Sweep #9 PASS candidates: 0


========== SWEEP #10 (seed=52) ==========

  · donchian_raw: sign-flip (+10.86→-5.27) (train=+10.86 held_pnl=-21.6%)
  · rsi_mean_reversion: sign-flip (+30.27→-6.16) (train=+30.27 held_pnl=-33.0%)
  · bollinger_breakout: sign-flip (+12.32→-2.68) (train=+12.32 held_pnl=-14.0%)
  · bollinger_mr: sign-flip (+10.82→-2.17) (train=+10.82 held_pnl=-6.5%)
  · macd_momentum: train_fail s=-999.00 (train=+nan held_pnl=+0.0%)
  · atr_squeeze_breakout: sign-flip (+28.33→-13.08) (train=+28.33 held_pnl=-23.6%)
  · momentum_n_consec: sign-flip (+10.50→-6.03) (train=+10.50 held_pnl=-30.8%)
  ★ volume_breakout: PASS held-out Sharpe=5.65 PnL=+12.9% ★
  · ema_crossover: sign-flip (+8.23→-5.09) (train=+8.23 held_pnl=-22.3%)
  · price_channel_with_atr: sign-flip (+9.08→-5.59) (train=+9.08 held_pnl=-22.8%)

  Sweep #10 PASS candidates: 1
    volume_breakout: train Sharpe=7.52 → held-out PnL=+12.9%
      params: atr_period=16_atr_stop_mult=2.5221_exit_lookback_n=8_lookback_n=9_vol_mult=1.3864_vol_window=10


★★★ PASS FOUND IN SWEEP #10 ★★★


=== FINAL (18.9s, 10000 trials, 10/5 sweeps) ===
PASS achieved — see results.tsv P6v6s*_HELDOUT rows
